exp-mod passes
number is odd
number is odd
shifted number is even
exp-mod passes
number is odd
number is odd
shifted number is even
exp-mod passes
number is odd
number is odd
shifted number is even
exp-mod passes
number is odd
number is odd
shifted number is even
exp-mod passes
number is odd
number is odd
shifted number is even
exp-mod passes
number is odd
number is odd
shifted number is even
exp-mod passes
number is odd
number is odd
shifted number is even
exp-mod passes
number is odd
number is odd
shifted number is even
exp-mod passes
number is odd
number is odd
shifted number is even
exp-mod passes
number is odd
number is odd
shifted number is even
exp-mod passes
number is odd
number is odd
shifted number is even
exp-mod passes
number is odd
number is odd
shifted number is even
exp-mod passes
number is odd
number is odd
shifted number is even
exp-mod passes
number is odd
number is odd
shifted number is even
exp-mod passes
number is odd
number is odd
shifted number is even
exp-mod passes
number is odd
number is odd
shifted number is even
exp-mod passes
number is odd
number is odd
shifted number is even
exp-mod passes
number is odd
number is odd
shifted number is even
exp-mod passes
number is odd
number is odd
shifted number is even
exp-mod passes
number is odd
number is odd
shifted number is even
exp-mod passes
number is odd
number is odd
shifted number is even
exp-mod passes
number is odd
number is odd
shifted number is even
exp-mod passes
number is odd
number is odd
shifted number is even
exp-mod passes
number is odd
number is odd
shifted number is even
exp-mod passes
number is odd
number is odd
shifted number is even
exp-mod passes
number is odd
number is odd
shifted number is even
exp-mod passes
number is odd
number is odd
shifted number is even
exp-mod passes
number is odd
number is odd
shifted number is even
exp-mod passes
number is odd
number is odd
shifted number is even
exp-mod passes
number is odd
number is odd
shifted number is even
exp-mod passes
number is odd
number is odd
shifted number is even
exp-mod passes
number is odd
number is odd
shifted number is even
exp-mod passes
number is odd
number is odd
shifted number is even
exp-mod passes
number is odd
number is odd
shifted number is even
exp-mod passes
number is odd
number is odd
shifted number is even
exp-mod passes
number is odd
number is odd
shifted number is even
exp-mod passes
number is odd
number is odd
shifted number is even
exp-mod passes
number is odd
number is odd
shifted number is even
exp-mod passes
number is odd
number is odd
shifted number is even
exp-mod passes
number is odd
number is odd
shifted number is even
exp-mod passes
number is odd
number is odd
shifted number is even
exp-mod passes
number is odd
number is odd
shifted number is even
exp-mod passes
number is odd
number is odd
shifted number is even
exp-mod passes
number is odd
number is odd
shifted number is even
exp-mod passes
number is odd
number is odd
shifted number is even
exp-mod passes
number is odd
number is odd
shifted number is even
exp-mod passes
number is odd
number is odd
shifted number is even
exp-mod passes
number is odd
number is odd
shifted number is even
exp-mod passes
number is odd
number is odd
shifted number is even
exp-mod passes
number is odd
number is odd
shifted number is even
exp-mod passes
number is odd
number is odd
shifted number is even
exp-mod passes
number is odd
number is odd
shifted number is even
exp-mod passes
number is odd
number is odd
shifted number is even
