F_0 = #x3 prime? yes
F_1 = #x5 prime? yes
F_2 = #x11 prime? yes
F_3 = #x101 prime? yes
F_4 = #x10001 prime? yes
F_5 = #x100000001 prime? no
F_6 = #x10000000000000001 prime? no
F_7 = #x100000000000000000000000000000001 prime? no
F_8 = #x10000000000000000000000000000000000000000000000000000000000000001 prime? no
F_9 = #x100000000000000000000000000000000000000000000000000000000000000000000000000000000000000000000000000000000000000000000000000000001 prime? no
M_0 = 0 prime? no
M_1 = #x1 prime? no
M_2 = #x3 prime? yes
M_3 = #x7 prime? yes
M_4 = #xf prime? no
M_5 = #x1f prime? yes
M_6 = #x3f prime? no
M_7 = #x7f prime? yes
M_8 = #xff prime? no
M_9 = #x1ff prime? no
M_10 = #x3ff prime? no
M_11 = #x7ff prime? no
M_12 = #xfff prime? no
M_13 = #x1fff prime? yes
M_14 = #x3fff prime? no
M_15 = #x7fff prime? no
M_16 = #xffff prime? no
M_17 = #x1ffff prime? yes
M_18 = #x3ffff prime? no
M_19 = #x7ffff prime? yes
M_20 = #xfffff prime? no
M_21 = #x1fffff prime? no
M_22 = #x3fffff prime? no
M_23 = #x7fffff prime? no
M_24 = #xffffff prime? no
M_25 = #x1ffffff prime? no
M_26 = #x3ffffff prime? no
M_27 = #x7ffffff prime? no
M_28 = #xfffffff prime? no
M_29 = #x1fffffff prime? no
M_30 = #x3fffffff prime? no
M_31 = #x7fffffff prime? yes
M_32 = #xffffffff prime? no
M_33 = #x1ffffffff prime? no
M_34 = #x3ffffffff prime? no
M_35 = #x7ffffffff prime? no
M_36 = #xfffffffff prime? no
M_37 = #x1fffffffff prime? no
M_38 = #x3fffffffff prime? no
M_39 = #x7fffffffff prime? no
M_40 = #xffffffffff prime? no
M_41 = #x1ffffffffff prime? no
M_42 = #x3ffffffffff prime? no
M_43 = #x7ffffffffff prime? no
M_44 = #xfffffffffff prime? no
M_45 = #x1fffffffffff prime? no
M_46 = #x3fffffffffff prime? no
M_47 = #x7fffffffffff prime? no
M_48 = #xffffffffffff prime? no
M_49 = #x1ffffffffffff prime? no
M_50 = #x3ffffffffffff prime? no
M_51 = #x7ffffffffffff prime? no
M_52 = #xfffffffffffff prime? no
M_53 = #x1fffffffffffff prime? no
M_54 = #x3fffffffffffff prime? no
M_55 = #x7fffffffffffff prime? no
M_56 = #xffffffffffffff prime? no
M_57 = #x1ffffffffffffff prime? no
M_58 = #x3ffffffffffffff prime? no
M_59 = #x7ffffffffffffff prime? no
M_60 = #xfffffffffffffff prime? no
M_61 = #x1fffffffffffffff prime? yes
M_62 = #x3fffffffffffffff prime? no
M_63 = #x7fffffffffffffff prime? no
M_64 = #xffffffffffffffff prime? no
M_65 = #x1ffffffffffffffff prime? no
M_66 = #x3ffffffffffffffff prime? no
M_67 = #x7ffffffffffffffff prime? no
M_68 = #xfffffffffffffffff prime? no
M_69 = #x1fffffffffffffffff prime? no
M_70 = #x3fffffffffffffffff prime? no
M_71 = #x7fffffffffffffffff prime? no
M_72 = #xffffffffffffffffff prime? no
M_73 = #x1ffffffffffffffffff prime? no
M_74 = #x3ffffffffffffffffff prime? no
M_75 = #x7ffffffffffffffffff prime? no
M_76 = #xfffffffffffffffffff prime? no
M_77 = #x1fffffffffffffffffff prime? no
M_78 = #x3fffffffffffffffffff prime? no
M_79 = #x7fffffffffffffffffff prime? no
M_80 = #xffffffffffffffffffff prime? no
M_81 = #x1ffffffffffffffffffff prime? no
M_82 = #x3ffffffffffffffffffff prime? no
M_83 = #x7ffffffffffffffffffff prime? no
M_84 = #xfffffffffffffffffffff prime? no
M_85 = #x1fffffffffffffffffffff prime? no
M_86 = #x3fffffffffffffffffffff prime? no
M_87 = #x7fffffffffffffffffffff prime? no
M_88 = #xffffffffffffffffffffff prime? no
M_89 = #x1ffffffffffffffffffffff prime? yes
M_90 = #x3ffffffffffffffffffffff prime? no
M_91 = #x7ffffffffffffffffffffff prime? no
M_92 = #xfffffffffffffffffffffff prime? no
M_93 = #x1fffffffffffffffffffffff prime? no
M_94 = #x3fffffffffffffffffffffff prime? no
M_95 = #x7fffffffffffffffffffffff prime? no
M_96 = #xffffffffffffffffffffffff prime? no
M_97 = #x1ffffffffffffffffffffffff prime? no
M_98 = #x3ffffffffffffffffffffffff prime? no
M_99 = #x7ffffffffffffffffffffffff prime? no
M_100 = #xfffffffffffffffffffffffff prime? no
M_101 = #x1fffffffffffffffffffffffff prime? no
M_102 = #x3fffffffffffffffffffffffff prime? no
M_103 = #x7fffffffffffffffffffffffff prime? no
M_104 = #xffffffffffffffffffffffffff prime? no
M_105 = #x1ffffffffffffffffffffffffff prime? no
M_106 = #x3ffffffffffffffffffffffffff prime? no
M_107 = #x7ffffffffffffffffffffffffff prime? yes
M_108 = #xfffffffffffffffffffffffffff prime? no
M_109 = #x1fffffffffffffffffffffffffff prime? no
M_110 = #x3fffffffffffffffffffffffffff prime? no
M_111 = #x7fffffffffffffffffffffffffff prime? no
M_112 = #xffffffffffffffffffffffffffff prime? no
M_113 = #x1ffffffffffffffffffffffffffff prime? no
M_114 = #x3ffffffffffffffffffffffffffff prime? no
M_115 = #x7ffffffffffffffffffffffffffff prime? no
M_116 = #xfffffffffffffffffffffffffffff prime? no
M_117 = #x1fffffffffffffffffffffffffffff prime? no
M_118 = #x3fffffffffffffffffffffffffffff prime? no
M_119 = #x7fffffffffffffffffffffffffffff prime? no
M_120 = #xffffffffffffffffffffffffffffff prime? no
M_121 = #x1ffffffffffffffffffffffffffffff prime? no
M_122 = #x3ffffffffffffffffffffffffffffff prime? no
M_123 = #x7ffffffffffffffffffffffffffffff prime? no
M_124 = #xfffffffffffffffffffffffffffffff prime? no
M_125 = #x1fffffffffffffffffffffffffffffff prime? no
M_126 = #x3fffffffffffffffffffffffffffffff prime? no
M_127 = #x7fffffffffffffffffffffffffffffff prime? yes
M_128 = #xffffffffffffffffffffffffffffffff prime? no
M_129 = #x1ffffffffffffffffffffffffffffffff prime? no
M_130 = #x3ffffffffffffffffffffffffffffffff prime? no
M_131 = #x7ffffffffffffffffffffffffffffffff prime? no
M_132 = #xfffffffffffffffffffffffffffffffff prime? no
M_133 = #x1fffffffffffffffffffffffffffffffff prime? no
M_134 = #x3fffffffffffffffffffffffffffffffff prime? no
M_135 = #x7fffffffffffffffffffffffffffffffff prime? no
M_136 = #xffffffffffffffffffffffffffffffffff prime? no
M_137 = #x1ffffffffffffffffffffffffffffffffff prime? no
M_138 = #x3ffffffffffffffffffffffffffffffffff prime? no
M_139 = #x7ffffffffffffffffffffffffffffffffff prime? no
M_140 = #xfffffffffffffffffffffffffffffffffff prime? no
M_141 = #x1fffffffffffffffffffffffffffffffffff prime? no
M_142 = #x3fffffffffffffffffffffffffffffffffff prime? no
M_143 = #x7fffffffffffffffffffffffffffffffffff prime? no
M_144 = #xffffffffffffffffffffffffffffffffffff prime? no
M_145 = #x1ffffffffffffffffffffffffffffffffffff prime? no
M_146 = #x3ffffffffffffffffffffffffffffffffffff prime? no
M_147 = #x7ffffffffffffffffffffffffffffffffffff prime? no
M_148 = #xfffffffffffffffffffffffffffffffffffff prime? no
M_149 = #x1fffffffffffffffffffffffffffffffffffff prime? no
