test 1 pass
test 2 pass
test 3 pass
test 4 pass
test 5 pass
test 6 pass
test 7 pass
test 8 pass
test 9 pass
test 10 pass
test 11 pass
test 12 pass
test 13 pass
test 14 pass
test 15 pass
test 16 pass
test 17 pass
test 18 pass
test 19 pass
test 20 pass
test 21 pass
test 22 pass
test 23 pass
test 24 pass
test 25 pass
test 26 pass
test 27 pass
test 28 pass
test 29 pass
test 30 pass
test 31 pass
test 32 pass
test 33 pass
test 34 pass
test 35 pass
test 36 pass
test 37 pass
test 38 pass
test 39 pass
test 40 pass
test 41 pass
test 42 pass
test 43 pass
test 44 pass
test 45 pass
test 46 pass
test 47 pass
test 48 pass
test 49 pass
test 50 pass
test 51 pass
test 52 pass
test 53 pass
test 54 pass
test 55 pass
test 56 pass
test 57 pass
test 58 pass
test 59 pass
test 60 pass
test 61 pass
test 62 pass
test 63 pass
test 64 pass
test 65 pass
test 66 pass
test 67 pass
test 68 pass
test 69 pass
test 70 pass
test 71 pass
test 72 pass
test 73 pass
test 74 pass
test 75 pass
test 76 pass
test 77 pass
test 78 pass
test 79 pass
test 80 pass
test 81 pass
test 82 pass
test 83 pass
test 84 pass
test 85 pass
test 86 pass
test 87 pass
test 88 pass
test 89 pass
test 90 pass
test 91 pass
test 92 pass
test 93 pass
test 94 pass
test 95 pass
test 96 pass
test 97 pass
test 98 pass
test 99 pass
test 100 pass
test 101 pass
test 102 pass
test 103 pass
test 104 pass
test 105 pass
test 106 pass
test 107 pass
test 108 pass
test 109 pass
test 110 pass
test 111 pass
test 112 pass
test 113 pass
test 114 pass
test 115 pass
test 116 pass
test 117 pass
test 118 pass
test 119 pass
test 120 pass
test 121 pass
test 122 pass
test 123 pass
test 124 pass
test 125 pass
test 126 pass
test 127 pass
test 128 pass
test 129 pass
test 130 pass
test 131 pass
test 132 pass
test 133 pass
test 134 pass
test 135 pass
test 136 pass
test 137 pass
test 138 pass
test 139 pass
test 140 pass
test 141 pass
test 142 pass
test 143 pass
test 144 pass
test 145 pass
test 146 pass
test 147 pass
test 148 pass
test 149 pass
test 150 pass
test 151 pass
test 152 pass
test 153 pass
test 154 pass
test 155 pass
test 156 pass
test 157 pass
test 158 pass
test 159 pass
test 160 pass
test 161 pass
test 162 pass
test 163 pass
test 164 pass
test 165 pass
test 166 pass
test 167 pass
test 168 pass
test 169 pass
test 170 pass
test 171 pass
test 172 pass
test 173 pass
test 174 pass
test 175 pass
test 176 pass
test 177 pass
test 178 pass
test 179 pass
test 180 pass
test 181 pass
test 182 pass
test 183 pass
test 184 pass
test 185 pass
test 186 pass
test 187 pass
test 188 pass
test 189 pass
test 190 pass
test 191 pass
test 192 pass
test 193 pass
test 194 pass
test 195 pass
test 196 pass
test 197 pass
test 198 pass
test 199 pass
test 200 pass
test 201 pass
test 202 pass
test 203 pass
test 204 pass
test 205 pass
test 206 pass
test 207 pass
test 208 pass
test 209 pass
test 210 pass
test 211 pass
test 212 pass
test 213 pass
test 214 pass
test 215 pass
test 216 pass
test 217 pass
test 218 pass
test 219 pass
test 220 pass
test 221 pass
test 222 pass
test 223 pass
test 224 pass
test 225 pass
test 226 pass
test 227 pass
test 228 pass
test 229 pass
test 230 pass
test 231 pass
test 232 pass
test 233 pass
test 234 pass
test 235 pass
test 236 pass
test 237 pass
test 238 pass
test 239 pass
test 240 pass
test 241 pass
test 242 pass
test 243 pass
test 244 pass
test 245 pass
test 246 pass
test 247 pass
test 248 pass
test 249 pass
test 250 pass
test 251 pass
test 252 pass
test 253 pass
test 254 pass
test 255 pass
test 256 pass
test 257 pass
test 258 pass
test 259 pass
test 260 pass
test 261 pass
test 262 pass
test 263 pass
test 264 pass
test 265 pass
test 266 pass
test 267 pass
test 268 pass
test 269 pass
test 270 pass
test 271 pass
test 272 pass
test 273 pass
test 274 pass
test 275 pass
test 276 pass
test 277 pass
test 278 pass
test 279 pass
test 280 pass
test 281 pass
test 282 pass
test 283 pass
test 284 pass
test 285 pass
test 286 pass
test 287 pass
test 288 pass
test 289 pass
test 290 pass
test 291 pass
test 292 pass
test 293 pass
test 294 pass
test 295 pass
test 296 pass
test 297 pass
test 298 pass
test 299 pass
test 300 pass
test 301 pass
test 302 pass
test 303 pass
test 304 pass
test 305 pass
test 306 pass
test 307 pass
test 308 pass
test 309 pass
test 310 pass
test 311 pass
test 312 pass
test 313 pass
test 314 pass
test 315 pass
test 316 pass
test 317 pass
test 318 pass
test 319 pass
test 320 pass
test 321 pass
test 322 pass
test 323 pass
test 324 pass
test 325 pass
test 326 pass
test 327 pass
test 328 pass
test 329 pass
test 330 pass
test 331 pass
test 332 pass
test 333 pass
test 334 pass
test 335 pass
test 336 pass
test 337 pass
test 338 pass
test 339 pass
test 340 pass
test 341 pass
test 342 pass
test 343 pass
test 344 pass
test 345 pass
test 346 pass
test 347 pass
test 348 pass
test 349 pass
test 350 pass
test 351 pass
test 352 pass
test 353 pass
test 354 pass
test 355 pass
test 356 pass
test 357 pass
test 358 pass
test 359 pass
test 360 pass
test 361 pass
test 362 pass
test 363 pass
test 364 pass
test 365 pass
test 366 pass
test 367 pass
test 368 pass
test 369 pass
test 370 pass
test 371 pass
test 372 pass
test 373 pass
test 374 pass
test 375 pass
test 376 pass
test 377 pass
test 378 pass
test 379 pass
test 380 pass
test 381 pass
test 382 pass
test 383 pass
test 384 pass
test 385 pass
test 386 pass
test 387 pass
test 388 pass
test 389 pass
test 390 pass
test 391 pass
test 392 pass
test 393 pass
test 394 pass
test 395 pass
test 396 pass
test 397 pass
test 398 pass
test 399 pass
test 400 pass
test 401 pass
test 402 pass
test 403 pass
test 404 pass
test 405 pass
test 406 pass
test 407 pass
test 408 pass
test 409 pass
test 410 pass
test 411 pass
test 412 pass
test 413 pass
test 414 pass
test 415 pass
test 416 pass
test 417 pass
test 418 pass
test 419 pass
test 420 pass
test 421 pass
test 422 pass
test 423 pass
test 424 pass
test 425 pass
test 426 pass
test 427 pass
test 428 pass
test 429 pass
test 430 pass
test 431 pass
test 432 pass
test 433 pass
test 434 pass
test 435 pass
test 436 pass
test 437 pass
test 438 pass
test 439 pass
test 440 pass
test 441 pass
test 442 pass
test 443 pass
test 444 pass
test 445 pass
test 446 pass
test 447 pass
test 448 pass
test 449 pass
test 450 pass
0 failures
