M_2 is a Mersenne prime
M_3 is a Mersenne prime
M_5 is a Mersenne prime
M_7 is a Mersenne prime
M_13 is a Mersenne prime
M_17 is a Mersenne prime
M_19 is a Mersenne prime
M_31 is a Mersenne prime
M_43 is NOT a Mersenne prime
M_61 is a Mersenne prime
M_89 is a Mersenne prime
M_107 is a Mersenne prime
M_127 is a Mersenne prime
M_419 is NOT a Mersenne prime
M_521 is a Mersenne prime
M_607 is a Mersenne prime
