3.45.1
(cars)
CREATE TABLE cars (id integer, name text, price integer)
DROP TABLE IF EXISTS cars;

CREATE TABLE cars (id INTEGER, name TEXT, price INTEGER);

BEGIN TRANSACTION;

INSERT INTO cars VALUES (1,'Toyota',25000);
INSERT INTO cars VALUES (2,'VW',22000);
INSERT INTO cars VALUES (3,'Mercedes',43000);
INSERT INTO cars VALUES (4,'Edsel',9000);
INSERT INTO cars VALUES (5,'Trabant',5000);
INSERT INTO cars VALUES (6,'Skoda',5000);
INSERT INTO cars VALUES (7,'Ferrari',175000);
INSERT INTO cars VALUES (8,'Tesla',75000);
INSERT INTO cars VALUES (9,'Hummer',41000);
INSERT INTO cars VALUES (10,'Lamborghini',180000);
INSERT INTO cars VALUES (11,'Maclaren',220000);
INSERT INTO cars VALUES (12,'Cadillac',31000);
INSERT INTO cars VALUES (13,'Mustang',28000);
INSERT INTO cars VALUES (14,'Honda',21000);
INSERT INTO cars VALUES (15,'Subaru',29000);
INSERT INTO cars VALUES (16,'Audi',32000);
INSERT INTO cars VALUES (17,'Lexus',39000);
INSERT INTO cars VALUES (18,'Tonka',25);
INSERT INTO cars VALUES (19,'Hot Wheels',4);
INSERT INTO cars VALUES (20,'Lego',20);

COMMIT;
-- No such table '; bobby tables'
((19 Hot Wheels 4))
((99000))
((Toyota) (VW) (Cadillac) (Mustang) (Honda) (Subaru) (Audi) (Lexus))
(?1 ?2)
((name) (Toyota) (VW) (Mustang) (Honda) (Subaru))
((name) (Tonka) (Hot Wheels) (Lego))
((name) (Ferrari) (Tesla) (Lamborghini) (Maclaren))
