hello, I am foo, and you have sent me (1 2 3)
hello, I am foo, and you have sent me (4 5 6)
bar here, what have you got for me? (4 5 6) hmmm, I see...
baz is #xdeadbeef bogo is #xc0ffee
hello, I am foo, and you have sent me (7 8 9)
BAR HERE, WHAT HAVE YOU GOT FOR ME? (7 8 9) HMMM, I SEE...
baz is #xdeadbeef bogo is floof
